Script started on October 20, 2013 02:22:57 PM PDT
sh-3.2$ pth  ython sequ.py 1
status code 1
sh-3.2$ python sequ.py 1 i 
status code 1
sh-3.2$ python sequ.py i   29 9 0
status code 1
sh-3.2$ python sequ.py 29 9 0      
status code 1
sh-3.2$ -1   5 -1
sh: -5: command not found
sh-3.2$ -5 -1python sequ.py -5 -1
status code 1
sh-3.2$ exit
exit

script done on October 20, 2013 02:26:52 PM PDT
