Script started on November 10, 2013 09:57:14 PM PST
sh-3.2$ exitpython sequ.py -w -30 20
-30
-29
-28
-27
-26
-25
-24
-23
-22
-21
-20
-19
-18
-17
-16
-15
-14
-13
-12
-11
-10
-09
-08
-07
-06
-05
-04
-03
-02
-01
000
001
002
003
004
005
006
007
008
009
010
011
012
013
014
015
016
017
018
019
020
sh-3.2$ python sequ.py -w -30 20 .0
-0030
-0029
-0028
-0027
-0026
-0025
-0024
-0023
-0022
-0021
-0020
-0019
-0018
-0017
-0016
-0015
-0014
-0013
-0012
-0011
-0010
-0009
-0008
-0007
-0006
-0005
-0004
-0003
-0002
-0001
00000
00001
00002
sh-3.2$ python sequ.py -w -30 2.0   45    10 45
-30
-20
-10
000
010
020
030
040
sh-3.2$ python sequ.py -w -30 10 45-w[1P[0@e[0@q[0@u[0@a[0@l[1P[1P[1P[1P[1P[0@-[0@e[0@q[0@u[0@a[0@l[0@-[0@w[0@i[0@d[0@t[0@h -30 10 45
-30
-20
-10
000
010
020
030
040
sh-3.2$ python sequ.py --equal-width -30 10 45                      s** 1 10
1**2**3**4**5**6**7**8**9**10
sh-3.2$ python sequ.py -s** 10 12 50[0@.[0@0
10.0**22.0**34.0**46.0
sh-3.2$ python sequ.py -s** 10.0 12 50             eperator 10    1.0 90  55
1.0eperator2.0eperator3.0eperator4.0eperator5.0eperator6.0eperator7.0eperator8.0eperator9.0eperator10.0eperator11.0eperator12.0eperator13.0eperator14.0eperator15.0eperator16.0eperator17.0eperator18.0eperator19.0eperator20.0eperator21.0eperator22.0eperator23.0eperator24.0eperator25.0eperator26.0eperator27.0eperator28.0eperator29.0eperator30.0eperator31.0eperator32.0eperator33.0eperator34.0eperator35.0eperator36.0eperator37.0eperator38.0eperator39.0eperator40.0eperator41.0eperator42.0eperator43.0eperator44.0eperator45.0eperator46.0eperator47.0eperator48.0eperator49.0eperator50.0eperator51.0eperator52.0eperator53.0eperator54.0eperator55.0
sh-3.2$ python sequ.py -seperator 1.0 55       #### 10 55
10eperator####11eperator####12eperator####13eperator####14eperator####15eperator####16eperator####17eperator####18eperator####19eperator####20eperator####21eperator####22eperator####23eperator####24eperator####25eperator####26eperator####27eperator####28eperator####29eperator####30eperator####31eperator####32eperator####33eperator####34eperator####35eperator####36eperator####37eperator####38eperator####39eperator####40eperator####41eperator####42eperator####43eperator####44eperator####45eperator####46eperator####47eperator####48eperator####49eperator####50eperator####51eperator####52eperator####53eperator####54eperator####55
sh-3.2$ python sequ.py -seperator#### 10 55-[0@-
Traceback (most recent call last):
  File "sequ.py", line 281, in <module>
    main()
  File "sequ.py", line 256, in main
    buildFloatSeq(argv[1],argv[3],argv[2])
  File "sequ.py", line 84, in buildFloatSeq
    begining = convertNum(beg)
  File "sequ.py", line 44, in convertNum
    return float(number)
ValueError: invalid literal for float(): --seperator####
sh-3.2$ python sequ.py --seperator#### 10 55[1P[0@a
10####11####12####13####14####15####16####17####18####19####20####21####22####23####24####25####26####27####28####29####30####31####32####33####34####35####36####37####38####39####40####41####42####43####44####45####46####47####48####49####50####51####52####53####54####55
sh-3.2$ exit
exit

script done on November 10, 2013 10:06:58 PM PST
