Script started on October 20, 2013 03:50:23 PM PDT
sh-3.2$ python sequ.py 1
status code 1
sh-3.2$ seq   python sequ.py 1 de -2 dj
status code 1
sh-3.2$ python sequ.py de -dj      23 12 43
status code 1
sh-3.2$ python sequ.py 23 12 43        
status code 1
sh-3.2$ -0 -1     1 -2
sh: 1: command not found
sh-3.2$ 1 -2python sequ.py 1 -2
sh-3.2$ python sequ.py 1 -2    -1 -1
-1
sh-3.2$ python sequ.py -1 -1     -1 12
-1
0
1
2
3
4
5
6
7
8
9
10
11
12
sh-3.2$ python sequ.py -1 12     1 -12
sh-3.2$ exit
exit

script done on October 20, 2013 04:03:22 PM PDT
